72.14.199.139 - - [27/Jul/2010:00:03:41 -0400] "GET /blog/feed/ HTTP/1.1" 304 0 dartphotographie.com "-" "Feedfetcher-Google; (+http://www.google.com/feedfetcher.html; 19 subscribers; feed-id=13747338573638198726)" "-"
67.195.115.60 - - [27/Jul/2010:00:37:18 -0400] "GET /blog/category/friends/ HTTP/1.0" 200 18664 dartphotographie.com "-" "Mozilla/5.0 (compatible; Yahoo! Slurp/3.0; http://help.yahoo.com/help/us/ysearch/slurp)" "-"
208.80.193.38 - - [27/Jul/2010:00:55:51 -0400] "GET / HTTP/1.0" 200 6757 www.dartphotographie.com "-" "Mozilla/4.0 (compatible; MSIE 6.0; Windows NT 5.1; iebar; acc=kuwait150; acc=none; (none))" "-"
72.14.199.139 - - [27/Jul/2010:01:11:51 -0400] "GET /blog/feed/ HTTP/1.1" 304 0 dartphotographie.com "-" "Feedfetcher-Google; (+http://www.google.com/feedfetcher.html; 19 subscribers; feed-id=13747338573638198726)" "-"
216.39.58.17 - - [27/Jul/2010:01:42:13 -0400] "GET /robots.txt HTTP/1.0" 404 2297 dartphotographie.com "-" "YahooFeedSeeker/2.0 (compatible; Mozilla 4.0; MSIE 5.5; http://publisher.yahoo.com/rssguide)" "66.196.99.197"
216.39.58.18 - - [27/Jul/2010:01:42:14 -0400] "GET /blog/feed/ HTTP/1.0" 200 29359 dartphotographie.com "-" "YahooFeedSeeker/2.0 (compatible; Mozilla 4.0; MSIE 5.5; http://publisher.yahoo.com/rssguide; users 1; views 420)" "66.196.99.197"
72.14.199.199 - - [27/Jul/2010:01:53:25 -0400] "GET / HTTP/1.1" 200 - www.dartphotographie.com "-" "Feedfetcher-Google; (+http://www.google.com/feedfetcher.html; 1 subscribers; feed-id=15772080375200449337)" "-"
67.195.114.229 - - [27/Jul/2010:02:05:26 -0400] "GET /robots.txt HTTP/1.0" 404 2301 www.dartphotographie.com "-" "Mozilla/5.0 (compatible; Yahoo! Slurp; http://help.yahoo.com/help/us/ysearch/slurp)" "-"
67.195.114.229 - - [27/Jul/2010:02:05:27 -0400] "GET /music.html HTTP/1.0" 200 5896 www.dartphotographie.com "-" "Mozilla/5.0 (compatible; Yahoo! Slurp/3.0; http://help.yahoo.com/help/us/ysearch/slurp)" "-"
72.14.199.139 - - [27/Jul/2010:02:17:10 -0400] "GET /blog/feed/ HTTP/1.1" 304 0 dartphotographie.com "-" "Feedfetcher-Google; (+http://www.google.com/feedfetcher.html; 19 subscribers; feed-id=13747338573638198726)" "-"
119.63.198.49 - - [27/Jul/2010:02:22:10 -0400] "GET /robots.txt HTTP/1.1" 404 2301 www.dartphotographie.com "-" "Baiduspider+(+http://www.baidu.com/search/spider.htm)" "-"
74.208.121.3 - - [27/Jul/2010:03:20:01 -0400] "HEAD /blog/wp-cron.php?check=bb7bca3c94ad2bd3f05677bdb4c3b537 HTTP/1.0" 200 0 dartphotographie.com "-" "WordPress/2.7.1" "-"
72.14.199.139 - - [27/Jul/2010:03:20:01 -0400] "GET /blog/feed/ HTTP/1.1" 304 0 dartphotographie.com "-" "Feedfetcher-Google; (+http://www.google.com/feedfetcher.html; 19 subscribers; feed-id=13747338573638198726)" "-"
24.4.7.217 - - [27/Jul/2010:03:34:23 -0400] "GET / HTTP/1.1" 200 6757 www.dartphotographie.com "http://www.google.com/url?sa=t&source=web&cd=2&ved=0CBgQFjAB&url=http%3A%2F%2Fwww.dartphotographie.com%2F&rct=j&q=dart%20photographie&ei=qYtOTOyFEoiisQO05NmOBw&usg=AFQjCNGj4Dtykia9gx8AnaK4gD2UgC8rgg" "Mozilla/5.0 (Macintosh; U; Intel Mac OS X 10.5; en-US; rv:1.9.1.11) Gecko/20100701 Firefox/3.5.11" "-"
24.4.7.217 - - [27/Jul/2010:03:34:23 -0400] "GET /favicon.ico HTTP/1.1" 404 2302 www.dartphotographie.com "-" "Mozilla/5.0 (Macintosh; U; Intel Mac OS X 10.5; en-US; rv:1.9.1.11) Gecko/20100701 Firefox/3.5.11" "-"
24.4.7.217 - - [27/Jul/2010:03:34:25 -0400] "GET /favicon.ico HTTP/1.1" 404 2302 www.dartphotographie.com "-" "Mozilla/5.0 (Macintosh; U; Intel Mac OS X 10.5; en-US; rv:1.9.1.11) Gecko/20100701 Firefox/3.5.11" "-"
66.235.116.128 - - [27/Jul/2010:03:42:48 -0400] "GET /blog/feed/ HTTP/1.1" 304 0 dartphotographie.com "-" "Bloglines/3.1 (http://www.bloglines.com; 1 subscriber)" "-"
119.63.198.5 - - [27/Jul/2010:04:14:14 -0400] "GET /robots.txt HTTP/1.1" 404 2297 dartphotographie.com "-" "Baiduspider+(+http://www.baidu.com/search/spider.htm)" "-"
72.14.199.139 - - [27/Jul/2010:04:27:20 -0400] "GET /blog/feed/ HTTP/1.1" 304 0 dartphotographie.com "-" "Feedfetcher-Google; (+http://www.google.com/feedfetcher.html; 19 subscribers; feed-id=13747338573638198726)" "-"
207.46.204.180 - - [27/Jul/2010:04:42:11 -0400] "GET /robots.txt HTTP/1.1" 404 2297 dartphotographie.com "-" "msnbot/2.0b (+http://search.msn.com/msnbot.htm)" "-"
207.46.204.180 - - [27/Jul/2010:04:43:00 -0400] "GET /blog/ HTTP/1.1" 200 71886 dartphotographie.com "-" "msnbot/2.0b (+http://search.msn.com/msnbot.htm)" "-"
72.14.199.199 - - [27/Jul/2010:04:53:34 -0400] "GET / HTTP/1.1" 200 - www.dartphotographie.com "-" "Feedfetcher-Google; (+http://www.google.com/feedfetcher.html; 1 subscribers; feed-id=15772080375200449337)" "-"
72.14.199.139 - - [27/Jul/2010:05:32:32 -0400] "GET /blog/feed/ HTTP/1.1" 304 0 dartphotographie.com "-" "Feedfetcher-Google; (+http://www.google.com/feedfetcher.html; 19 subscribers; feed-id=13747338573638198726)" "-"
67.16.94.2 - - [27/Jul/2010:06:03:47 -0400] "GET /robots.txt HTTP/1.0" 404 2301 www.dartphotographie.com "-" "Gigabot/3.0 (http://www.gigablast.com/spider.html)" "-"
67.16.94.2 - - [27/Jul/2010:06:03:47 -0400] "GET / HTTP/1.0" 200 6757 www.dartphotographie.com "-" "Gigabot/3.0 (http://www.gigablast.com/spider.html)" "-"
94.30.133.2 - - [27/Jul/2010:06:25:07 -0400] "GET / HTTP/1.1" 200 6757 thesistersdart.com "-" "Mozilla/5.0 (Windows; U; Windows NT 5.1; en-US; rv:1.9.0.5) Gecko/2008120122 Firefox/3.0.5" "-"
72.14.199.139 - - [27/Jul/2010:06:39:00 -0400] "GET /blog/feed/ HTTP/1.1" 304 0 dartphotographie.com "-" "Feedfetcher-Google; (+http://www.google.com/feedfetcher.html; 19 subscribers; feed-id=13747338573638198726)" "-"
66.235.116.128 - - [27/Jul/2010:06:54:08 -0400] "GET /blog/feed/ HTTP/1.1" 304 0 dartphotographie.com "-" "Bloglines/3.1 (http://www.bloglines.com; 1 subscriber)" "-"
72.14.199.139 - - [27/Jul/2010:07:43:10 -0400] "GET /blog/feed/ HTTP/1.1" 304 0 dartphotographie.com "-" "Feedfetcher-Google; (+http://www.google.com/feedfetcher.html; 19 subscribers; feed-id=13747338573638198726)" "-"
216.39.58.18 - - [27/Jul/2010:07:49:25 -0400] "GET /blog/feed/ HTTP/1.1" 200 31163 dartphotographie.com "-" "YahooFeedSeeker/2.0 (compatible; Mozilla 4.0; MSIE 5.5; http://publisher.yahoo.com/rssguide; users 1; views 420)" "66.196.99.195"
72.14.199.199 - - [27/Jul/2010:07:53:35 -0400] "GET / HTTP/1.1" 200 - www.dartphotographie.com "-" "Feedfetcher-Google; (+http://www.google.com/feedfetcher.html; 1 subscribers; feed-id=15772080375200449337)" "-"
24.12.185.104 - - [27/Jul/2010:08:26:23 -0400] "GET /blog/feed/ HTTP/1.1" 304 0 dartphotographie.com "-" "NetNewsWire/3.2 (Mac OS X; http://www.newsgator.com/Individuals/NetNewsWire/)" "-"
67.195.115.60 - - [27/Jul/2010:08:34:58 -0400] "GET /robots.txt HTTP/1.0" 404 2297 dartphotographie.com "-" "Mozilla/5.0 (compatible; Yahoo! Slurp; http://help.yahoo.com/help/us/ysearch/slurp)" "-"
67.195.115.60 - - [27/Jul/2010:08:34:59 -0400] "GET /blog/xmlrpc.php HTTP/1.0" 200 42 dartphotographie.com "-" "Mozilla/5.0 (compatible; Yahoo! Slurp/3.0; http://help.yahoo.com/help/us/ysearch/slurp)" "-"
72.14.199.139 - - [27/Jul/2010:08:40:40 -0400] "GET /blog/feed/ HTTP/1.1" 304 0 dartphotographie.com "-" "Feedfetcher-Google; (+http://www.google.com/feedfetcher.html; 19 subscribers; feed-id=13747338573638198726)" "-"
66.64.13.78 - - [27/Jul/2010:09:08:13 -0400] "GET / HTTP/1.1" 200 6757 www.dartphotographie.com "http://imogeneandwillie.com/look.html" "Mozilla/5.0 (Macintosh; U; Intel Mac OS X 10_6_3; en-US) AppleWebKit/532.5 (KHTML, like Gecko) Chrome/4.0.249.30 Safari/532.5" "-"
66.64.13.78 - - [27/Jul/2010:09:08:15 -0400] "GET /favicon.ico HTTP/1.1" 404 2302 www.dartphotographie.com "-" "Mozilla/5.0 (Macintosh; U; Intel Mac OS X 10_6_3; en-US) AppleWebKit/532.5 (KHTML, like Gecko) Chrome/4.0.249.30 Safari/532.5" "-"
67.195.115.60 - - [27/Jul/2010:09:14:53 -0400] "GET /blog/category/friends/ HTTP/1.0" 200 18652 dartphotographie.com "-" "Mozilla/5.0 (compatible; Yahoo! Slurp/3.0; http://help.yahoo.com/help/us/ysearch/slurp)" "-"
67.195.115.60 - - [27/Jul/2010:09:14:53 -0400] "GET /blog/wp-content/themes/prophoto2/style.css HTTP/1.0" 304 - dartphotographie.com "http://dartphotographie.com/blog/category/friends/" "Mozilla/5.0 (compatible; Yahoo! Slurp/3.0; http://help.yahoo.com/help/us/ysearch/slurp)" "-"
67.195.115.60 - - [27/Jul/2010:09:14:53 -0400] "GET /blog/wp-content/uploads/p2/custom.css?10914 HTTP/1.0" 304 - dartphotographie.com "http://dartphotographie.com/blog/category/friends/" "Mozilla/5.0 (compatible; Yahoo! Slurp/3.0; http://help.yahoo.com/help/us/ysearch/slurp)" "-"
66.64.13.78 - - [27/Jul/2010:09:15:02 -0400] "GET /favicon.ico HTTP/1.1" 404 2302 www.dartphotographie.com "-" "Mozilla/5.0 (Macintosh; U; Intel Mac OS X 10_6_3; en-US) AppleWebKit/532.5 (KHTML, like Gecko) Chrome/4.0.249.30 Safari/532.5" "-"
66.64.13.78 - - [27/Jul/2010:09:15:12 -0400] "GET /favicon.ico HTTP/1.1" 404 2302 www.dartphotographie.com "-" "Mozilla/5.0 (Macintosh; U; Intel Mac OS X 10_6_3; en-US) AppleWebKit/532.5 (KHTML, like Gecko) Chrome/4.0.249.30 Safari/532.5" "-"
66.64.13.78 - - [27/Jul/2010:09:15:20 -0400] "GET /favicon.ico HTTP/1.1" 404 2302 www.dartphotographie.com "-" "Mozilla/5.0 (Macintosh; U; Intel Mac OS X 10_6_3; en-US) AppleWebKit/532.5 (KHTML, like Gecko) Chrome/4.0.249.30 Safari/532.5" "-"
66.64.13.78 - - [27/Jul/2010:09:15:57 -0400] "GET /favicon.ico HTTP/1.1" 404 2302 www.dartphotographie.com "-" "Mozilla/5.0 (Macintosh; U; Intel Mac OS X 10_6_3; en-US) AppleWebKit/532.5 (KHTML, like Gecko) Chrome/4.0.249.30 Safari/532.5" "-"
66.64.13.78 - - [27/Jul/2010:09:18:11 -0400] "GET /favicon.ico HTTP/1.1" 404 2302 www.dartphotographie.com "-" "Mozilla/5.0 (Macintosh; U; Intel Mac OS X 10_6_3; en-US) AppleWebKit/532.5 (KHTML, like Gecko) Chrome/4.0.249.30 Safari/532.5" "-"
66.64.13.78 - - [27/Jul/2010:09:20:34 -0400] "GET /favicon.ico HTTP/1.1" 404 2302 www.dartphotographie.com "-" "Mozilla/5.0 (Macintosh; U; Intel Mac OS X 10_6_3; en-US) AppleWebKit/532.5 (KHTML, like Gecko) Chrome/4.0.249.30 Safari/532.5" "-"
66.64.13.78 - - [27/Jul/2010:09:20:45 -0400] "GET /favicon.ico HTTP/1.1" 404 2302 www.dartphotographie.com "-" "Mozilla/5.0 (Macintosh; U; Intel Mac OS X 10_6_3; en-US) AppleWebKit/532.5 (KHTML, like Gecko) Chrome/4.0.249.30 Safari/532.5" "-"
66.64.13.78 - - [27/Jul/2010:09:21:11 -0400] "GET /favicon.ico HTTP/1.1" 404 2302 www.dartphotographie.com "-" "Mozilla/5.0 (Macintosh; U; Intel Mac OS X 10_6_3; en-US) AppleWebKit/532.5 (KHTML, like Gecko) Chrome/4.0.249.30 Safari/532.5" "-"
66.64.13.78 - - [27/Jul/2010:09:21:17 -0400] "GET /favicon.ico HTTP/1.1" 404 2302 www.dartphotographie.com "-" "Mozilla/5.0 (Macintosh; U; Intel Mac OS X 10_6_3; en-US) AppleWebKit/532.5 (KHTML, like Gecko) Chrome/4.0.249.30 Safari/532.5" "-"
66.64.13.78 - - [27/Jul/2010:09:21:23 -0400] "GET /favicon.ico HTTP/1.1" 404 2302 www.dartphotographie.com "-" "Mozilla/5.0 (Macintosh; U; Intel Mac OS X 10_6_3; en-US) AppleWebKit/532.5 (KHTML, like Gecko) Chrome/4.0.249.30 Safari/532.5" "-"
66.64.13.78 - - [27/Jul/2010:09:21:30 -0400] "GET /favicon.ico HTTP/1.1" 404 2302 www.dartphotographie.com "-" "Mozilla/5.0 (Macintosh; U; Intel Mac OS X 10_6_3; en-US) AppleWebKit/532.5 (KHTML, like Gecko) Chrome/4.0.249.30 Safari/532.5" "-"
66.64.13.78 - - [27/Jul/2010:09:21:58 -0400] "GET /favicon.ico HTTP/1.1" 404 2302 www.dartphotographie.com "-" "Mozilla/5.0 (Macintosh; U; Intel Mac OS X 10_6_3; en-US) AppleWebKit/532.5 (KHTML, like Gecko) Chrome/4.0.249.30 Safari/532.5" "-"
66.64.13.78 - - [27/Jul/2010:09:22:03 -0400] "GET /favicon.ico HTTP/1.1" 404 2302 www.dartphotographie.com "-" "Mozilla/5.0 (Macintosh; U; Intel Mac OS X 10_6_3; en-US) AppleWebKit/532.5 (KHTML, like Gecko) Chrome/4.0.249.30 Safari/532.5" "-"
64.221.243.154 - - [27/Jul/2010:09:39:50 -0400] "GET / HTTP/1.1" 200 6757 www.dartphotographie.com "http://www.facebook.com/l.php?u=http%3A%2F%2Fwww.dartphotographie.com%2F&h=769e0" "Mozilla/5.0 (Macintosh; U; Intel Mac OS X 10_5_8; en-us) AppleWebKit/533.16 (KHTML, like Gecko) Version/5.0 Safari/533.16" "-"
64.221.243.154 - - [27/Jul/2010:09:39:51 -0400] "GET /favicon.ico HTTP/1.1" 404 2302 www.dartphotographie.com "http://www.dartphotographie.com/" "Mozilla/5.0 (Macintosh; U; Intel Mac OS X 10_5_8; en-us) AppleWebKit/533.16 (KHTML, like Gecko) Version/5.0 Safari/533.16" "-"
72.14.199.139 - - [27/Jul/2010:09:40:51 -0400] "GET /blog/feed/ HTTP/1.1" 304 0 dartphotographie.com "-" "Feedfetcher-Google; (+http://www.google.com/feedfetcher.html; 19 subscribers; feed-id=13747338573638198726)" "-"
206.197.244.4 - - [27/Jul/2010:09:42:57 -0400] "GET / HTTP/1.1" 200 6757 www.dartphotographie.com "http://www.google.com/" "Mozilla/4.0 (compatible; MSIE 7.0; Windows NT 5.1; .NET CLR 1.1.4322; InfoPath.1; .NET CLR 2.0.50727)" "-"
206.197.244.4 - - [27/Jul/2010:09:43:03 -0400] "GET /favicon.ico HTTP/1.1" 404 2302 www.dartphotographie.com "-" "Mozilla/4.0 (compatible; MSIE 7.0; Windows NT 5.1; .NET CLR 1.1.4322; InfoPath.1; .NET CLR 2.0.50727)" "-"
124.115.6.12 - - [27/Jul/2010:09:46:02 -0400] "GET /robots.txt HTTP/1.1" 404 2297 dartphotographie.com "-" "Sosospider+(+http://help.soso.com/webspider.htm)" "-"
66.235.116.128 - - [27/Jul/2010:09:55:33 -0400] "GET /blog/feed/ HTTP/1.1" 304 0 dartphotographie.com "-" "Bloglines/3.1 (http://www.bloglines.com; 1 subscriber)" "-"
220.181.7.34 - - [27/Jul/2010:10:00:00 -0400] "GET /robots.txt HTTP/1.1" 404 2297 dartphotographie.com "-" "Baiduspider+(+http://www.baidu.com/search/spider.htm)" "-"
86.215.88.100 - - [27/Jul/2010:10:06:08 -0400] "GET /blog/ HTTP/1.1" 200 65586 dartphotographie.com "http://www.google.com/imgres?imgurl=http://dartphotographie.com/blog/wp-content/uploads/p2/biopic1_1243733133.jpg&imgrefurl=http://dartphotographie.com/blog/&usg=__G2rTIsRD4dqK42Kb-IJqHc7PjVQ=&h=600&w=900&sz=115&hl=en&start=452&tbnid=nnZ12j7NDyjbSM:&tbnh=97&tbnw=146&prev=/images%3Fq%3Dphotographie%26start%3D17%26um%3D1%26hl%3Den%26sa%3DN%26rlz%3D1I7ADSA_fr%26biw%3D1003%26bih%3D619%26output%3Dimages_json%26tbs%3Disch:10%2C14888&um=1&itbs=1&ei=yedOTLeDO8TTjAf47JWtBw&biw=1003&bih=619" "Mozilla/4.0 (compatible; MSIE 7.0; Windows NT 5.1; Trident/4.0; GTB6.5; AskTB5.6)" "-"
86.215.88.100 - - [27/Jul/2010:10:06:09 -0400] "GET /blog/wp-content/themes/prophoto2/style.css HTTP/1.1" 200 6758 dartphotographie.com "http://dartphotographie.com/blog/" "Mozilla/4.0 (compatible; MSIE 7.0; Windows NT 5.1; Trident/4.0; GTB6.5; AskTB5.6)" "-"
86.215.88.100 - - [27/Jul/2010:10:06:09 -0400] "GET /blog/wp-content/uploads/p2/themescript.js HTTP/1.1" 200 6026 dartphotographie.com "http://dartphotographie.com/blog/" "Mozilla/4.0 (compatible; MSIE 7.0; Windows NT 5.1; Trident/4.0; GTB6.5; AskTB5.6)" "-"
86.215.88.100 - - [27/Jul/2010:10:06:09 -0400] "GET /blog/wp-content/uploads/p2/custom.css?10914 HTTP/1.1" 200 9504 dartphotographie.com "http://dartphotographie.com/blog/" "Mozilla/4.0 (compatible; MSIE 7.0; Windows NT 5.1; Trident/4.0; GTB6.5; AskTB5.6)" "-"
86.215.88.100 - - [27/Jul/2010:10:06:09 -0400] "GET /blog/wp-includes/js/jquery/jquery.js?ver=1.2.6 HTTP/1.1" 200 31111 dartphotographie.com "http://dartphotographie.com/blog/" "Mozilla/4.0 (compatible; MSIE 7.0; Windows NT 5.1; Trident/4.0; GTB6.5; AskTB5.6)" "-"
86.215.88.100 - - [27/Jul/2010:10:06:09 -0400] "GET /blog/wp-content/themes/prophoto2/js/lazyload.js HTTP/1.1" 200 1757 dartphotographie.com "http://dartphotographie.com/blog/" "Mozilla/4.0 (compatible; MSIE 7.0; Windows NT 5.1; Trident/4.0; GTB6.5; AskTB5.6)" "-"
86.215.88.100 - - [27/Jul/2010:10:06:10 -0400] "GET /blog/wp-content/uploads/p2/biopic1_1243733133.jpg HTTP/1.1" 200 117321 dartphotographie.com "http://www.google.com/imgres?imgurl=http://dartphotographie.com/blog/wp-content/uploads/p2/biopic1_1243733133.jpg&imgrefurl=http://dartphotographie.com/blog/&usg=__G2rTIsRD4dqK42Kb-IJqHc7PjVQ=&h=600&w=900&sz=115&hl=en&start=452&tbnid=nnZ12j7NDyjbSM:&tbnh=97&tbnw=146&prev=/images%3Fq%3Dphotographie%26start%3D17%26um%3D1%26hl%3Den%26sa%3DN%26rlz%3D1I7ADSA_fr%26biw%3D1003%26bih%3D619%26output%3Dimages_json%26tbs%3Disch:10%2C14888&um=1&itbs=1&ei=yedOTLeDO8TTjAf47JWtBw&biw=1003&bih=619" "Mozilla/4.0 (compatible; MSIE 7.0; Windows NT 5.1; Trident/4.0; GTB6.5; AskTB5.6)" "-"
86.215.88.100 - - [27/Jul/2010:10:06:12 -0400] "GET /blog/wp-content/themes/prophoto2/js/swfobject22a.js HTTP/1.1" 200 10254 dartphotographie.com "http://dartphotographie.com/blog/" "Mozilla/4.0 (compatible; MSIE 7.0; Windows NT 5.1; Trident/4.0; GTB6.5; AskTB5.6)" "-"
86.215.88.100 - - [27/Jul/2010:10:06:12 -0400] "GET /blog/wp-content/uploads/p2/logo_1243462378.jpg HTTP/1.1" 200 26508 dartphotographie.com "http://dartphotographie.com/blog/" "Mozilla/4.0 (compatible; MSIE 7.0; Windows NT 5.1; Trident/4.0; GTB6.5; AskTB5.6)" "-"
86.215.88.100 - - [27/Jul/2010:10:06:12 -0400] "GET /blog/wp-content/themes/prophoto2/images/nodefaultimage.gif HTTP/1.1" 200 49 dartphotographie.com "http://dartphotographie.com/blog/" "Mozilla/4.0 (compatible; MSIE 7.0; Windows NT 5.1; Trident/4.0; GTB6.5; AskTB5.6)" "-"
86.215.88.100 - - [27/Jul/2010:10:06:19 -0400] "GET /blog/wp-content/themes/prophoto2/flash/flashheader.swf HTTP/1.1" 200 1321 dartphotographie.com "http://dartphotographie.com/blog/" "Mozilla/4.0 (compatible; MSIE 7.0; Windows NT 5.1; Trident/4.0; GTB6.5; AskTB5.6)" "-"
86.215.88.100 - - [27/Jul/2010:10:06:19 -0400] "GET /blog/wp-content/uploads/p2/flashheader1_1243391752.jpg HTTP/1.1" 200 191385 dartphotographie.com "http://dartphotographie.com/blog/" "Mozilla/4.0 (compatible; MSIE 7.0; Windows NT 5.1; Trident/4.0; GTB6.5; AskTB5.6)" "-"
188.92.75.148 - - [27/Jul/2010:10:16:26 -0400] "GET /blog/ HTTP/1.0" 200 63212 dartphotographie.com "http://dartphotographie.com/blog/" "Mozilla/4.0 (compatible; MSIE 6.0; Windows NT 5.1; SV1; YPC 3.0.2; .NET CLR 1.1.4322; yplus 4.4.02b)" "-"
74.222.59.34 - - [27/Jul/2010:10:33:35 -0400] "GET / HTTP/1.1" 200 6757 www.dartphotographie.com "http://www.facebook.com/l.php?u=http%3A%2F%2Fwww.dartphotographie.com%2F&h=7a5a1" "Mozilla/5.0 (Macintosh; U; Intel Mac OS X 10_5_4; en-US) AppleWebKit/533.4 (KHTML, like Gecko) Chrome/5.0.375.99 Safari/533.4" "-"
74.222.59.34 - - [27/Jul/2010:10:33:37 -0400] "GET /favicon.ico HTTP/1.1" 404 2302 www.dartphotographie.com "-" "Mozilla/5.0 (Macintosh; U; Intel Mac OS X 10_5_4; en-US) AppleWebKit/533.4 (KHTML, like Gecko) Chrome/5.0.375.99 Safari/533.4" "-"
74.222.59.34 - - [27/Jul/2010:10:33:56 -0400] "GET /favicon.ico HTTP/1.1" 404 2302 www.dartphotographie.com "-" "Mozilla/5.0 (Macintosh; U; Intel Mac OS X 10_5_4; en-US) AppleWebKit/533.4 (KHTML, like Gecko) Chrome/5.0.375.99 Safari/533.4" "-"
212.124.15.170 - - [27/Jul/2010:10:38:30 -0400] "GET /blog/wp-index.php HTTP/1.0" 404 14112 dartphotographie.com "http://dartphotographie.com/blog/wp-index.php" "Mozilla/4.0 (compatible; MSIE 6.0; Windows 98; Win 9x 4.90)" "-"
72.14.199.139 - - [27/Jul/2010:10:49:41 -0400] "GET /blog/feed/ HTTP/1.1" 304 0 dartphotographie.com "-" "Feedfetcher-Google; (+http://www.google.com/feedfetcher.html; 19 subscribers; feed-id=13747338573638198726)" "-"
72.14.199.199 - - [27/Jul/2010:10:53:36 -0400] "GET / HTTP/1.1" 200 - www.dartphotographie.com "-" "Feedfetcher-Google; (+http://www.google.com/feedfetcher.html; 1 subscribers; feed-id=15772080375200449337)" "-"
184.73.103.70 - - [27/Jul/2010:11:05:02 -0400] "GET /robots.txt HTTP/1.1" 404 2301 www.dartphotographie.com "-" "Mozilla/5.0 (compatible; spbot/2.0.4; +http://www.seoprofiler.com/bot )" "-"
184.73.103.70 - - [27/Jul/2010:11:05:02 -0400] "GET / HTTP/1.1" 200 6757 www.dartphotographie.com "-" "Mozilla/5.0 (compatible; spbot/2.0.4; +http://www.seoprofiler.com/bot )" "-"
184.73.103.70 - - [27/Jul/2010:11:05:19 -0400] "GET /pricing.html HTTP/1.1" 200 11957 www.dartphotographie.com "-" "Mozilla/5.0 (compatible; spbot/2.0.4; +http://www.seoprofiler.com/bot )" "-"
184.73.103.70 - - [27/Jul/2010:11:05:20 -0400] "GET /music.html HTTP/1.1" 200 5896 www.dartphotographie.com "-" "Mozilla/5.0 (compatible; spbot/2.0.4; +http://www.seoprofiler.com/bot )" "-"
184.73.103.70 - - [27/Jul/2010:11:05:21 -0400] "GET /contact.html HTTP/1.1" 200 5930 www.dartphotographie.com "-" "Mozilla/5.0 (compatible; spbot/2.0.4; +http://www.seoprofiler.com/bot )" "-"
184.73.103.70 - - [27/Jul/2010:11:05:22 -0400] "GET /familyhome.html HTTP/1.1" 200 5956 www.dartphotographie.com "-" "Mozilla/5.0 (compatible; spbot/2.0.4; +http://www.seoprofiler.com/bot )" "-"
184.73.103.70 - - [27/Jul/2010:11:05:26 -0400] "GET /wedding.html HTTP/1.1" 200 5850 www.dartphotographie.com "-" "Mozilla/5.0 (compatible; spbot/2.0.4; +http://www.seoprofiler.com/bot )" "-"
184.73.103.70 - - [27/Jul/2010:11:05:26 -0400] "GET /about.html HTTP/1.1" 200 6048 www.dartphotographie.com "-" "Mozilla/5.0 (compatible; spbot/2.0.4; +http://www.seoprofiler.com/bot )" "-"
184.73.103.70 - - [27/Jul/2010:11:05:29 -0400] "GET /la-vie.html HTTP/1.1" 200 5904 www.dartphotographie.com "-" "Mozilla/5.0 (compatible; spbot/2.0.4; +http://www.seoprofiler.com/bot )" "-"
184.73.103.70 - - [27/Jul/2010:11:05:29 -0400] "GET /portraits.html HTTP/1.1" 200 5833 www.dartphotographie.com "-" "Mozilla/5.0 (compatible; spbot/2.0.4; +http://www.seoprofiler.com/bot )" "-"
184.73.103.70 - - [27/Jul/2010:11:05:43 -0400] "GET /thedabbs.html HTTP/1.1" 200 5830 www.dartphotographie.com "-" "Mozilla/5.0 (compatible; spbot/2.0.4; +http://www.seoprofiler.com/bot )" "-"
74.87.89.2 - - [27/Jul/2010:11:53:40 -0400] "GET /blog/wp-content/themes/prophoto2/style.css HTTP/1.1" 200 6758 dartphotographie.com "http://dartphotographie.com/blog/" "Mozilla/5.0 (Macintosh; U; Intel Mac OS X 10_6_4; en-us) AppleWebKit/533.16 (KHTML, like Gecko) Version/5.0 Safari/533.16" "-"
74.87.89.2 - - [27/Jul/2010:11:53:40 -0400] "GET /blog/wp-content/themes/prophoto2/js/lazyload.js HTTP/1.1" 200 1757 dartphotographie.com "http://dartphotographie.com/blog/" "Mozilla/5.0 (Macintosh; U; Intel Mac OS X 10_6_4; en-us) AppleWebKit/533.16 (KHTML, like Gecko) Version/5.0 Safari/533.16" "-"
74.87.89.2 - - [27/Jul/2010:11:53:40 -0400] "GET /blog/wp-content/themes/prophoto2/js/swfobject22a.js HTTP/1.1" 200 10254 dartphotographie.com "http://dartphotographie.com/blog/" "Mozilla/5.0 (Macintosh; U; Intel Mac OS X 10_6_4; en-us) AppleWebKit/533.16 (KHTML, like Gecko) Version/5.0 Safari/533.16" "-"
74.87.89.2 - - [27/Jul/2010:11:53:40 -0400] "GET /blog/wp-includes/js/jquery/jquery.js?ver=1.2.6 HTTP/1.1" 200 31111 dartphotographie.com "http://dartphotographie.com/blog/" "Mozilla/5.0 (Macintosh; U; Intel Mac OS X 10_6_4; en-us) AppleWebKit/533.16 (KHTML, like Gecko) Version/5.0 Safari/533.16" "-"
74.87.89.2 - - [27/Jul/2010:11:53:40 -0400] "GET /blog/wp-content/uploads/p2/custom.css?10914 HTTP/1.1" 200 9504 dartphotographie.com "http://dartphotographie.com/blog/" "Mozilla/5.0 (Macintosh; U; Intel Mac OS X 10_6_4; en-us) AppleWebKit/533.16 (KHTML, like Gecko) Version/5.0 Safari/533.16" "-"
74.87.89.2 - - [27/Jul/2010:11:53:40 -0400] "GET /blog/wp-content/uploads/p2/themescript.js HTTP/1.1" 200 6026 dartphotographie.com "http://dartphotographie.com/blog/" "Mozilla/5.0 (Macintosh; U; Intel Mac OS X 10_6_4; en-us) AppleWebKit/533.16 (KHTML, like Gecko) Version/5.0 Safari/533.16" "-"
74.87.89.2 - - [27/Jul/2010:11:53:40 -0400] "GET /blog/ HTTP/1.1" 200 70808 dartphotographie.com "http://www.google.com/imgres?imgurl=http://i276.photobucket.com/albums/kk4/dartphoto/IMG_1725.jpg&imgrefurl=http://dartphotographie.com/blog/&usg=__uMlO-wZ1t-GIjVrOlfpJgN1UUOY=&h=636&w=799&sz=149&hl=en&start=303&tbnid=IAPt8qGB6WuEGM:&tbnh=114&tbnw=143&prev=/images%3Fq%3Dkatie%2Bherzig%26start%3D30%26um%3D1%26hl%3Den%26safe%3Doff%26sa%3DX%26biw%3D1920%26bih%3D1102%26output%3Dimages_json%26tbs%3Disch:10%2C4092&um=1&itbs=1&ei=_wBPTP_UBIGB8gasiYX6BQ&biw=1920&bih=1102" "Mozilla/5.0 (Macintosh; U; Intel Mac OS X 10_6_4; en-us) AppleWebKit/533.16 (KHTML, like Gecko) Version/5.0 Safari/533.16" "-"
74.87.89.2 - - [27/Jul/2010:11:53:40 -0400] "GET /blog/wp-content/themes/prophoto2/images/nodefaultimage.gif HTTP/1.1" 200 49 dartphotographie.com "http://dartphotographie.com/blog/" "Mozilla/5.0 (Macintosh; U; Intel Mac OS X 10_6_4; en-us) AppleWebKit/533.16 (KHTML, like Gecko) Version/5.0 Safari/533.16" "-"
74.87.89.2 - - [27/Jul/2010:11:53:40 -0400] "GET /blog/wp-content/uploads/p2/logo_1243462378.jpg HTTP/1.1" 200 26508 dartphotographie.com "http://dartphotographie.com/blog/" "Mozilla/5.0 (Macintosh; U; Intel Mac OS X 10_6_4; en-us) AppleWebKit/533.16 (KHTML, like Gecko) Version/5.0 Safari/533.16" "-"
74.87.89.2 - - [27/Jul/2010:11:53:41 -0400] "GET /blog/wp-content/uploads/p2/biopic1_1243733133.jpg HTTP/1.1" 200 117321 dartphotographie.com "http://dartphotographie.com/blog/" "Mozilla/5.0 (Macintosh; U; Intel Mac OS X 10_6_4; en-us) AppleWebKit/533.16 (KHTML, like Gecko) Version/5.0 Safari/533.16" "-"
74.87.89.2 - - [27/Jul/2010:11:53:43 -0400] "GET /blog/wp-content/uploads/p2/flashheader1_1243391752.jpg HTTP/1.1" 200 213665 dartphotographie.com "http://dartphotographie.com/blog/" "Mozilla/5.0 (Macintosh; U; Intel Mac OS X 10_6_4; en-us) AppleWebKit/533.16 (KHTML, like Gecko) Version/5.0 Safari/533.16" "-"
74.87.89.2 - - [27/Jul/2010:11:53:44 -0400] "GET /blog/wp-content/themes/prophoto2/flash/flashheader.swf HTTP/1.1" 200 1321 dartphotographie.com "http://dartphotographie.com/blog/" "Mozilla/5.0 (Macintosh; U; Intel Mac OS X 10_6_4; en-us) AppleWebKit/533.16 (KHTML, like Gecko) Version/5.0 Safari/533.16" "-"
74.87.89.2 - - [27/Jul/2010:11:53:44 -0400] "GET /blog/wp-content/uploads/p2/images.xml?10914 HTTP/1.1" 200 1286 dartphotographie.com "http://dartphotographie.com/blog/" "Mozilla/5.0 (Macintosh; U; Intel Mac OS X 10_6_4; en-us) AppleWebKit/533.16 (KHTML, like Gecko) Version/5.0 Safari/533.16" "-"
74.87.89.2 - - [27/Jul/2010:11:53:45 -0400] "GET /blog/wp-content/uploads/p2/flashheader1_1243391752.jpg?76828 HTTP/1.1" 200 213665 dartphotographie.com "http://dartphotographie.com/blog/" "Mozilla/5.0 (Macintosh; U; Intel Mac OS X 10_6_4; en-us) AppleWebKit/533.16 (KHTML, like Gecko) Version/5.0 Safari/533.16" "-"
74.87.89.2 - - [27/Jul/2010:11:53:53 -0400] "GET /blog/wp-content/uploads/p2/flashheader2_1243391777.jpg?59326 HTTP/1.1" 200 125177 dartphotographie.com "http://dartphotographie.com/blog/" "Mozilla/5.0 (Macintosh; U; Intel Mac OS X 10_6_4; en-us) AppleWebKit/533.16 (KHTML, like Gecko) Version/5.0 Safari/533.16" "-"
74.87.89.2 - - [27/Jul/2010:11:54:00 -0400] "GET /blog/wp-content/uploads/p2/flashheader3_1243392063.jpg?79180 HTTP/1.1" 200 219840 dartphotographie.com "http://dartphotographie.com/blog/" "Mozilla/5.0 (Macintosh; U; Intel Mac OS X 10_6_4; en-us) AppleWebKit/533.16 (KHTML, like Gecko) Version/5.0 Safari/533.16" "-"
74.87.89.2 - - [27/Jul/2010:11:54:07 -0400] "GET /blog/wp-content/uploads/p2/flashheader4_1243461801.jpg?97674 HTTP/1.1" 200 125354 dartphotographie.com "http://dartphotographie.com/blog/" "Mozilla/5.0 (Macintosh; U; Intel Mac OS X 10_6_4; en-us) AppleWebKit/533.16 (KHTML, like Gecko) Version/5.0 Safari/533.16" "-"
74.87.89.2 - - [27/Jul/2010:11:54:11 -0400] "GET /blog/ HTTP/1.1" 200 65721 dartphotographie.com "http://www.google.com/imgres?imgurl=http://i276.photobucket.com/albums/kk4/dartphoto/IMG_1725.jpg&imgrefurl=http://dartphotographie.com/blog/&usg=__uMlO-wZ1t-GIjVrOlfpJgN1UUOY=&h=636&w=799&sz=149&hl=en&start=303&tbnid=IAPt8qGB6WuEGM:&tbnh=114&tbnw=143&prev=/images%3Fq%3Dkatie%2Bherzig%26start%3D30%26um%3D1%26hl%3Den%26safe%3Doff%26sa%3DX%26biw%3D1920%26bih%3D1102%26output%3Dimages_json%26tbs%3Disch:10%2C4092&um=1&itbs=1&ei=_wBPTP_UBIGB8gasiYX6BQ&biw=1920&bih=1102" "Mozilla/5.0 (Macintosh; U; Intel Mac OS X 10_6_4; en-us) AppleWebKit/533.16 (KHTML, like Gecko) Version/5.0 Safari/533.16" "-"
74.87.89.2 - - [27/Jul/2010:11:54:27 -0400] "GET /favicon.ico HTTP/1.1" 404 2298 dartphotographie.com "http://dartphotographie.com/blog/" "Mozilla/5.0 (Macintosh; U; Intel Mac OS X 10_6_4; en-us) AppleWebKit/533.16 (KHTML, like Gecko) Version/5.0 Safari/533.16" "-"
72.14.199.139 - - [27/Jul/2010:11:54:50 -0400] "GET /blog/feed/ HTTP/1.1" 304 0 dartphotographie.com "-" "Feedfetcher-Google; (+http://www.google.com/feedfetcher.html; 19 subscribers; feed-id=13747338573638198726)" "-"
74.87.89.2 - - [27/Jul/2010:11:54:53 -0400] "GET /blog/wp-content/uploads/p2/flashheader5_1243461821.jpg?42957 HTTP/1.1" 200 187454 dartphotographie.com "http://dartphotographie.com/blog/" "Mozilla/5.0 (Macintosh; U; Intel Mac OS X 10_6_4; en-us) AppleWebKit/533.16 (KHTML, like Gecko) Version/5.0 Safari/533.16" "-"
74.87.89.2 - - [27/Jul/2010:11:55:01 -0400] "GET /blog/wp-content/uploads/p2/flashheader6_1243461855.jpg?67163 HTTP/1.1" 200 214897 dartphotographie.com "http://dartphotographie.com/blog/" "Mozilla/5.0 (Macintosh; U; Intel Mac OS X 10_6_4; en-us) AppleWebKit/533.16 (KHTML, like Gecko) Version/5.0 Safari/533.16" "-"
74.87.89.2 - - [27/Jul/2010:11:55:08 -0400] "GET /blog/wp-content/uploads/p2/flashheader7_1244943749.jpg?70509 HTTP/1.1" 200 192954 dartphotographie.com "http://dartphotographie.com/blog/" "Mozilla/5.0 (Macintosh; U; Intel Mac OS X 10_6_4; en-us) AppleWebKit/533.16 (KHTML, like Gecko) Version/5.0 Safari/533.16" "-"
74.87.89.2 - - [27/Jul/2010:11:55:15 -0400] "GET /blog/wp-content/uploads/p2/flashheader8_1244943768.jpg?79727 HTTP/1.1" 200 171981 dartphotographie.com "http://dartphotographie.com/blog/" "Mozilla/5.0 (Macintosh; U; Intel Mac OS X 10_6_4; en-us) AppleWebKit/533.16 (KHTML, like Gecko) Version/5.0 Safari/533.16" "-"
74.87.89.2 - - [27/Jul/2010:11:55:22 -0400] "GET /blog/wp-content/uploads/p2/flashheader9_1244943788.jpg?29950 HTTP/1.1" 200 268455 dartphotographie.com "http://dartphotographie.com/blog/" "Mozilla/5.0 (Macintosh; U; Intel Mac OS X 10_6_4; en-us) AppleWebKit/533.16 (KHTML, like Gecko) Version/5.0 Safari/533.16" "-"
24.1.39.113 - - [27/Jul/2010:12:01:05 -0400] "GET / HTTP/1.1" 200 6757 www.dartphotographie.com "http://www.facebook.com/l.php?u=http%3A%2F%2Fwww.dartphotographie.com%2F&h=ca9fa" "Mozilla/5.0 (Macintosh; U; Intel Mac OS X 10_6_4; en-us) AppleWebKit/533.16 (KHTML, like Gecko) Version/5.0 Safari/533.16" "-"
24.1.39.113 - - [27/Jul/2010:12:01:06 -0400] "GET /favicon.ico HTTP/1.1" 404 2302 www.dartphotographie.com "http://www.dartphotographie.com/" "Mozilla/5.0 (Macintosh; U; Intel Mac OS X 10_6_4; en-us) AppleWebKit/533.16 (KHTML, like Gecko) Version/5.0 Safari/533.16" "-"
67.231.42.15 - - [27/Jul/2010:12:12:40 -0400] "GET / HTTP/1.1" 200 6757 www.dartphotographie.com "http://nestdallas.blogspot.com/" "Mozilla/5.0 (Windows; U; Windows NT 6.0; en-US; rv:1.9.2.8) Gecko/20100722 Firefox/3.6.8 (.NET CLR 3.5.30729)" "-"
67.231.42.15 - - [27/Jul/2010:12:12:42 -0400] "GET /favicon.ico HTTP/1.1" 404 2302 www.dartphotographie.com "-" "Mozilla/5.0 (Windows; U; Windows NT 6.0; en-US; rv:1.9.2.8) Gecko/20100722 Firefox/3.6.8 (.NET CLR 3.5.30729)" "-"
67.231.42.15 - - [27/Jul/2010:12:12:45 -0400] "GET /favicon.ico HTTP/1.1" 404 2302 www.dartphotographie.com "-" "Mozilla/5.0 (Windows; U; Windows NT 6.0; en-US; rv:1.9.2.8) Gecko/20100722 Firefox/3.6.8 (.NET CLR 3.5.30729)" "-"
72.14.199.139 - - [27/Jul/2010:12:47:21 -0400] "GET /blog/feed/ HTTP/1.1" 304 0 dartphotographie.com "-" "Feedfetcher-Google; (+http://www.google.com/feedfetcher.html; 19 subscribers; feed-id=13747338573638198726)" "-"
184.73.117.153 - - [27/Jul/2010:12:52:36 -0400] "GET /robots.txt HTTP/1.1" 404 2297 dartphotographie.com "-" "Mozilla/5.0 (compatible; spbot/2.0.4; +http://www.seoprofiler.com/bot )" "-"
184.73.117.153 - - [27/Jul/2010:12:52:37 -0400] "GET /blog/ HTTP/1.1" 200 71808 dartphotographie.com "-" "Mozilla/5.0 (compatible; spbot/2.0.4; +http://www.seoprofiler.com/bot )" "-"
184.73.117.153 - - [27/Jul/2010:12:53:23 -0400] "GET /blog/page/2/ HTTP/1.1" 200 71786 dartphotographie.com "-" "Mozilla/5.0 (compatible; spbot/2.0.4; +http://www.seoprofiler.com/bot )" "-"
184.73.117.153 - - [27/Jul/2010:12:53:24 -0400] "GET /blog/category/friends/ HTTP/1.1" 200 19722 dartphotographie.com "-" "Mozilla/5.0 (compatible; spbot/2.0.4; +http://www.seoprofiler.com/bot )" "-"
184.73.117.153 - - [27/Jul/2010:12:53:32 -0400] "GET /blog/category/personal/ HTTP/1.1" 200 17183 dartphotographie.com "-" "Mozilla/5.0 (compatible; spbot/2.0.4; +http://www.seoprofiler.com/bot )" "-"
24.12.185.104 - - [27/Jul/2010:12:54:09 -0400] "GET /blog/feed/ HTTP/1.1" 304 0 dartphotographie.com "-" "NetNewsWire/3.2 (Mac OS X; http://www.newsgator.com/Individuals/NetNewsWire/)" "-"
184.73.117.153 - - [27/Jul/2010:12:56:52 -0400] "GET /blog/category/la-vie/ HTTP/1.1" 200 15680 dartphotographie.com "-" "Mozilla/5.0 (compatible; spbot/2.0.4; +http://www.seoprofiler.com/bot )" "-"
66.235.116.128 - - [27/Jul/2010:13:14:57 -0400] "GET /blog/feed/ HTTP/1.1" 304 0 dartphotographie.com "-" "Bloglines/3.1 (http://www.bloglines.com; 1 subscriber)" "-"
70.181.81.53 - - [27/Jul/2010:13:32:41 -0400] "GET / HTTP/1.1" 200 6757 www.dartphotographie.com "http://imogeneandwillie.com/look.html" "Mozilla/5.0 (Macintosh; U; Intel Mac OS X 10_5_8; en-us) AppleWebKit/533.16 (KHTML, like Gecko) Version/5.0 Safari/533.16" "-"
70.181.81.53 - - [27/Jul/2010:13:32:42 -0400] "GET /favicon.ico HTTP/1.1" 404 2302 www.dartphotographie.com "http://www.dartphotographie.com/" "Mozilla/5.0 (Macintosh; U; Intel Mac OS X 10_5_8; en-us) AppleWebKit/533.16 (KHTML, like Gecko) Version/5.0 Safari/533.16" "-"
173.57.48.190 - - [27/Jul/2010:13:43:14 -0400] "GET / HTTP/1.1" 200 6757 www.dartphotographie.com "-" "Mozilla/5.0 (Macintosh; U; Intel Mac OS X 10_6_4; en-US) AppleWebKit/533.4 (KHTML, like Gecko) Chrome/5.0.375.99 Safari/533.4" "-"
173.57.48.190 - - [27/Jul/2010:13:43:15 -0400] "GET /favicon.ico HTTP/1.1" 404 2302 www.dartphotographie.com "-" "Mozilla/5.0 (Macintosh; U; Intel Mac OS X 10_6_4; en-US) AppleWebKit/533.4 (KHTML, like Gecko) Chrome/5.0.375.99 Safari/533.4" "-"
173.57.48.190 - - [27/Jul/2010:13:45:23 -0400] "GET /favicon.ico HTTP/1.1" 404 2302 www.dartphotographie.com "-" "Mozilla/5.0 (Macintosh; U; Intel Mac OS X 10_6_4; en-US) AppleWebKit/533.4 (KHTML, like Gecko) Chrome/5.0.375.99 Safari/533.4" "-"
173.57.48.190 - - [27/Jul/2010:13:47:56 -0400] "GET /favicon.ico HTTP/1.1" 404 2302 www.dartphotographie.com "-" "Mozilla/5.0 (Macintosh; U; Intel Mac OS X 10_6_4; en-US) AppleWebKit/533.4 (KHTML, like Gecko) Chrome/5.0.375.99 Safari/533.4" "-"
72.14.199.139 - - [27/Jul/2010:13:53:31 -0400] "GET /blog/feed/ HTTP/1.1" 304 0 dartphotographie.com "-" "Feedfetcher-Google; (+http://www.google.com/feedfetcher.html; 19 subscribers; feed-id=13747338573638198726)" "-"
72.14.199.199 - - [27/Jul/2010:13:53:45 -0400] "GET / HTTP/1.1" 200 - www.dartphotographie.com "-" "Feedfetcher-Google; (+http://www.google.com/feedfetcher.html; 1 subscribers; feed-id=15772080375200449337)" "-"
216.39.58.18 - - [27/Jul/2010:14:05:58 -0400] "GET /blog/feed/ HTTP/1.1" 200 30820 dartphotographie.com "-" "YahooFeedSeeker/2.0 (compatible; Mozilla 4.0; MSIE 5.5; http://publisher.yahoo.com/rssguide; users 1; views 420)" "66.196.99.198"
218.6.9.140 - - [27/Jul/2010:14:19:57 -0400] "GET /blog/brandon-the-sideman/ HTTP/1.0" 200 19457 dartphotographie.com "http://dartphotographie.com/blog/brandon-the-sideman/" "Opera/9.00 (Windows NT 4.0; U; en)" "-"
218.6.9.140 - - [27/Jul/2010:14:19:59 -0400] "POST /blog/wp-comments-post.php HTTP/1.0" 302 0 dartphotographie.com "http://dartphotographie.com/blog/brandon-the-sideman/" "Opera/9.00 (Windows NT 4.0; U; en)" "-"
218.6.9.140 - - [27/Jul/2010:14:20:00 -0400] "GET /blog/brandon-the-sideman/comment-page-1/ HTTP/1.0" 200 19548 dartphotographie.com "http://dartphotographie.com/blog/brandon-the-sideman/comment-page-1/#comment-330" "Opera/9.00 (Windows NT 4.0; U; en)" "-"
66.249.71.139 - - [27/Jul/2010:14:23:21 -0400] "GET /robots.txt HTTP/1.1" 404 2297 dartphotographie.com "-" "Mozilla/5.0 (compatible; Googlebot/2.1; +http://www.google.com/bot.html)" "-"
66.249.71.139 - - [27/Jul/2010:14:23:22 -0400] "GET /blog/author/admin/page/7/ HTTP/1.1" 200 14975 dartphotographie.com "-" "Mozilla/5.0 (compatible; Googlebot/2.1; +http://www.google.com/bot.html)" "-"
72.14.199.139 - - [27/Jul/2010:14:49:21 -0400] "GET /blog/feed/ HTTP/1.1" 304 0 dartphotographie.com "-" "Feedfetcher-Google; (+http://www.google.com/feedfetcher.html; 19 subscribers; feed-id=13747338573638198726)" "-"
123.125.66.117 - - [27/Jul/2010:15:44:01 -0400] "GET / HTTP/1.1" 200 6757 dartphotographie.com "-" "Baiduspider+(+http://www.baidu.com/search/spider.htm)" "-"
220.181.7.90 - - [27/Jul/2010:15:44:16 -0400] "GET / HTTP/1.1" 200 6757 dartphotographie.com "-" "Baiduspider+(+http://www.baidu.com/search/spider.htm)" "-"
74.208.121.3 - - [27/Jul/2010:15:50:04 -0400] "HEAD /blog/wp-cron.php?check=bb7bca3c94ad2bd3f05677bdb4c3b537 HTTP/1.0" 200 0 dartphotographie.com "-" "WordPress/2.7.1" "-"
72.14.199.139 - - [27/Jul/2010:15:50:04 -0400] "GET /blog/feed/ HTTP/1.1" 304 0 dartphotographie.com "-" "Feedfetcher-Google; (+http://www.google.com/feedfetcher.html; 19 subscribers; feed-id=13747338573638198726)" "-"
213.5.64.21 - - [27/Jul/2010:16:09:42 -0400] "GET /blog/the-dabbs/ HTTP/1.1" 200 23308 dartphotographie.com "-" "Mozilla/4.0 (compatible; MSIE 6.0; Windows NT 5.1; SV1)" "-"
213.5.64.21 - - [27/Jul/2010:16:09:43 -0400] "POST /blog/wp-comments-post.php HTTP/1.1" 200 5 dartphotographie.com "http://dartphotographie.com/blog/the-dabbs/" "Mozilla/4.0 (compatible; MSIE 6.0; Windows NT 5.1; SV1)" "-"
213.5.64.21 - - [27/Jul/2010:16:09:43 -0400] "GET /blog/wp-comments-post.php HTTP/1.1" 405 5 dartphotographie.com "-" "Mozilla/4.0 (compatible; MSIE 6.0; Windows NT 5.1; SV1)" "-"
213.5.64.21 - - [27/Jul/2010:16:09:44 -0400] "GET /blog/the-dabbs/ HTTP/1.1" 200 23353 dartphotographie.com "-" "Mozilla/4.0 (compatible; MSIE 6.0; Windows NT 5.1; SV1)" "-"
213.5.64.21 - - [27/Jul/2010:16:09:45 -0400] "GET /blog/ HTTP/1.1" 200 64552 dartphotographie.com "-" "Mozilla/4.0 (compatible; MSIE 6.0; Windows NT 5.1; SV1)" "-"
213.5.64.21 - - [27/Jul/2010:16:09:45 -0400] "GET / HTTP/1.1" 200 6757 www.dartphotographie.com "-" "Mozilla/4.0 (compatible; MSIE 6.0; Windows NT 5.1; SV1)" "-"
213.5.64.21 - - [27/Jul/2010:16:09:46 -0400] "GET /blog/2009/08/ HTTP/1.1" 200 16990 dartphotographie.com "-" "Mozilla/4.0 (compatible; MSIE 6.0; Windows NT 5.1; SV1)" "-"
213.5.64.21 - - [27/Jul/2010:16:09:47 -0400] "GET /blog/2009/06/ HTTP/1.1" 200 18228 dartphotographie.com "-" "Mozilla/4.0 (compatible; MSIE 6.0; Windows NT 5.1; SV1)" "-"
213.5.64.21 - - [27/Jul/2010:16:09:48 -0400] "GET /blog/2009/04/ HTTP/1.1" 200 15721 dartphotographie.com "-" "Mozilla/4.0 (compatible; MSIE 6.0; Windows NT 5.1; SV1)" "-"
213.5.64.21 - - [27/Jul/2010:16:09:49 -0400] "GET /blog/2009/03/ HTTP/1.1" 200 19920 dartphotographie.com "-" "Mozilla/4.0 (compatible; MSIE 6.0; Windows NT 5.1; SV1)" "-"
213.5.64.21 - - [27/Jul/2010:16:09:50 -0400] "GET /blog/2009/02/ HTTP/1.1" 200 21363 dartphotographie.com "-" "Mozilla/4.0 (compatible; MSIE 6.0; Windows NT 5.1; SV1)" "-"
213.5.64.21 - - [27/Jul/2010:16:09:51 -0400] "GET /blog/2009/01/ HTTP/1.1" 200 22001 dartphotographie.com "-" "Mozilla/4.0 (compatible; MSIE 6.0; Windows NT 5.1; SV1)" "-"
213.5.64.21 - - [27/Jul/2010:16:09:52 -0400] "GET /blog/2008/12/ HTTP/1.1" 200 21682 dartphotographie.com "-" "Mozilla/4.0 (compatible; MSIE 6.0; Windows NT 5.1; SV1)" "-"
213.5.64.21 - - [27/Jul/2010:16:09:52 -0400] "GET /blog/2008/11/ HTTP/1.1" 200 21481 dartphotographie.com "-" "Mozilla/4.0 (compatible; MSIE 6.0; Windows NT 5.1; SV1)" "-"
213.5.64.21 - - [27/Jul/2010:16:09:53 -0400] "GET /blog/2008/10/ HTTP/1.1" 200 23318 dartphotographie.com "-" "Mozilla/4.0 (compatible; MSIE 6.0; Windows NT 5.1; SV1)" "-"
213.5.64.21 - - [27/Jul/2010:16:09:54 -0400] "GET /blog/category/artists/ HTTP/1.1" 200 17983 dartphotographie.com "-" "Mozilla/4.0 (compatible; MSIE 6.0; Windows NT 5.1; SV1)" "-"
213.5.64.21 - - [27/Jul/2010:16:09:55 -0400] "GET /blog/category/babies/ HTTP/1.1" 200 15325 dartphotographie.com "-" "Mozilla/4.0 (compatible; MSIE 6.0; Windows NT 5.1; SV1)" "-"
213.5.64.21 - - [27/Jul/2010:16:09:56 -0400] "GET /blog/category/family/ HTTP/1.1" 200 18341 dartphotographie.com "-" "Mozilla/4.0 (compatible; MSIE 6.0; Windows NT 5.1; SV1)" "-"
213.5.64.21 - - [27/Jul/2010:16:09:57 -0400] "GET /blog/category/fashion/ HTTP/1.1" 200 15739 dartphotographie.com "-" "Mozilla/4.0 (compatible; MSIE 6.0; Windows NT 5.1; SV1)" "-"
213.5.64.21 - - [27/Jul/2010:16:09:58 -0400] "GET /blog/category/friends/ HTTP/1.1" 200 19887 dartphotographie.com "-" "Mozilla/4.0 (compatible; MSIE 6.0; Windows NT 5.1; SV1)" "-"
213.5.64.21 - - [27/Jul/2010:16:09:59 -0400] "GET /blog/category/la-vie/ HTTP/1.1" 200 16223 dartphotographie.com "-" "Mozilla/4.0 (compatible; MSIE 6.0; Windows NT 5.1; SV1)" "-"
213.5.64.21 - - [27/Jul/2010:16:09:59 -0400] "GET /blog/category/lovers/ HTTP/1.1" 200 22903 dartphotographie.com "-" "Mozilla/4.0 (compatible; MSIE 6.0; Windows NT 5.1; SV1)" "-"
66.235.116.128 - - [27/Jul/2010:16:30:32 -0400] "GET /blog/feed/ HTTP/1.1" 304 0 dartphotographie.com "-" "Bloglines/3.1 (http://www.bloglines.com; 1 subscriber)" "-"
72.14.199.139 - - [27/Jul/2010:16:40:40 -0400] "GET /blog/feed/ HTTP/1.1" 304 0 dartphotographie.com "-" "Feedfetcher-Google; (+http://www.google.com/feedfetcher.html; 19 subscribers; feed-id=13747338573638198726)" "-"
72.14.199.199 - - [27/Jul/2010:16:53:54 -0400] "GET / HTTP/1.1" 200 - www.dartphotographie.com "-" "Feedfetcher-Google; (+http://www.google.com/feedfetcher.html; 1 subscribers; feed-id=15772080375200449337)" "-"
64.78.155.100 - - [27/Jul/2010:17:03:04 -0400] "GET /blog/feed/ HTTP/1.1" 304 0 dartphotographie.com "-" "NewsGatorOnline/2.0 (http://www.newsgator.com; 2 subscribers)" "-"
24.12.185.104 - - [27/Jul/2010:17:26:32 -0400] "GET /blog/feed/ HTTP/1.1" 304 0 dartphotographie.com "-" "NetNewsWire/3.2 (Mac OS X; http://www.newsgator.com/Individuals/NetNewsWire/)" "-"
24.1.39.113 - - [27/Jul/2010:17:32:47 -0400] "GET / HTTP/1.1" 200 6757 www.dartphotographie.com "http://www.facebook.com/l.php?u=http%3A%2F%2Fwww.dartphotographie.com%2F&h=ca9fa" "Mozilla/5.0 (Macintosh; U; Intel Mac OS X 10_4_11; en) AppleWebKit/531.21.8 (KHTML, like Gecko) Version/4.0.4 Safari/531.21.10" "-"
24.1.39.113 - - [27/Jul/2010:17:32:48 -0400] "GET /favicon.ico HTTP/1.1" 404 2302 www.dartphotographie.com "http://www.dartphotographie.com/" "Mozilla/5.0 (Macintosh; U; Intel Mac OS X 10_4_11; en) AppleWebKit/531.21.8 (KHTML, like Gecko) Version/4.0.4 Safari/531.21.10" "-"
72.14.199.139 - - [27/Jul/2010:17:47:22 -0400] "GET /blog/feed/ HTTP/1.1" 304 0 dartphotographie.com "-" "Feedfetcher-Google; (+http://www.google.com/feedfetcher.html; 19 subscribers; feed-id=13747338573638198726)" "-"
71.237.253.47 - - [27/Jul/2010:18:12:57 -0400] "GET /blog/ HTTP/1.1" 200 73567 dartphotographie.com "-" "Mozilla/5.0 (Macintosh; U; Intel Mac OS X 10_5_8; en-us) AppleWebKit/531.21.8 (KHTML, like Gecko) Version/4.0.4 Safari/531.21.10" "-"
71.237.253.47 - - [27/Jul/2010:18:12:57 -0400] "GET /blog/wp-content/themes/prophoto2/flash/flashheader.swf HTTP/1.1" 200 1321 dartphotographie.com "http://dartphotographie.com/blog/" "Mozilla/5.0 (Macintosh; U; Intel Mac OS X 10_5_8; en-us) AppleWebKit/531.21.8 (KHTML, like Gecko) Version/4.0.4 Safari/531.21.10" "-"
71.237.253.47 - - [27/Jul/2010:18:12:57 -0400] "GET /blog/wp-content/uploads/p2/biopic1_1243733133.jpg HTTP/1.1" 200 117321 dartphotographie.com "http://dartphotographie.com/blog/" "Mozilla/5.0 (Macintosh; U; Intel Mac OS X 10_5_8; en-us) AppleWebKit/531.21.8 (KHTML, like Gecko) Version/4.0.4 Safari/531.21.10" "-"
71.237.253.47 - - [27/Jul/2010:18:12:57 -0400] "GET /blog/wp-content/uploads/p2/flashheader1_1243391752.jpg HTTP/1.1" 200 213665 dartphotographie.com "http://dartphotographie.com/blog/" "Mozilla/5.0 (Macintosh; U; Intel Mac OS X 10_5_8; en-us) AppleWebKit/531.21.8 (KHTML, like Gecko) Version/4.0.4 Safari/531.21.10" "-"
71.237.253.47 - - [27/Jul/2010:18:12:57 -0400] "GET /blog/wp-content/uploads/p2/images.xml?10914 HTTP/1.1" 200 1286 dartphotographie.com "http://dartphotographie.com/blog/" "Mozilla/5.0 (Macintosh; U; Intel Mac OS X 10_5_8; en-us) AppleWebKit/531.21.8 (KHTML, like Gecko) Version/4.0.4 Safari/531.21.10" "-"
71.237.253.47 - - [27/Jul/2010:18:12:58 -0400] "GET /blog/wp-content/uploads/p2/flashheader1_1243391752.jpg?76828 HTTP/1.1" 200 213665 dartphotographie.com "http://dartphotographie.com/blog/" "Mozilla/5.0 (Macintosh; U; Intel Mac OS X 10_5_8; en-us) AppleWebKit/531.21.8 (KHTML, like Gecko) Version/4.0.4 Safari/531.21.10" "-"
71.237.253.47 - - [27/Jul/2010:18:13:17 -0400] "GET /blog/wp-content/uploads/p2/flashheader2_1243391777.jpg?59326 HTTP/1.1" 200 125177 dartphotographie.com "http://dartphotographie.com/blog/" "Mozilla/5.0 (Macintosh; U; Intel Mac OS X 10_5_8; en-us) AppleWebKit/531.21.8 (KHTML, like Gecko) Version/4.0.4 Safari/531.21.10" "-"
71.237.253.47 - - [27/Jul/2010:18:13:23 -0400] "GET /blog/wp-content/uploads/p2/flashheader3_1243392063.jpg?79180 HTTP/1.1" 200 219840 dartphotographie.com "http://dartphotographie.com/blog/" "Mozilla/5.0 (Macintosh; U; Intel Mac OS X 10_5_8; en-us) AppleWebKit/531.21.8 (KHTML, like Gecko) Version/4.0.4 Safari/531.21.10" "-"
71.237.253.47 - - [27/Jul/2010:18:13:28 -0400] "GET /blog/ HTTP/1.1" 200 67384 dartphotographie.com "http://dartphotographie.com/blog/" "Mozilla/5.0 (Macintosh; U; Intel Mac OS X 10_5_8; en-us) AppleWebKit/531.21.8 (KHTML, like Gecko) Version/4.0.4 Safari/531.21.10" "-"
76.247.212.123 - - [27/Jul/2010:18:14:34 -0400] "GET /favicon.ico HTTP/1.1" 404 2302 www.dartphotographie.com "-" "Mozilla/4.0 (compatible; MSIE 7.0; Windows NT 6.0; SLCC1; .NET CLR 2.0.50727; Media Center PC 5.0; .NET CLR 3.0.30618; .NET CLR 3.5.30729)" "-"
67.195.115.60 - - [27/Jul/2010:18:27:03 -0400] "GET /blog/category/lovers/ HTTP/1.0" 200 21704 dartphotographie.com "-" "Mozilla/5.0 (compatible; Yahoo! Slurp/3.0; http://help.yahoo.com/help/us/ysearch/slurp)" "-"
67.195.115.60 - - [27/Jul/2010:18:27:04 -0400] "GET /blog/wp-content/themes/prophoto2/style.css HTTP/1.0" 304 - dartphotographie.com "http://dartphotographie.com/blog/category/lovers/" "Mozilla/5.0 (compatible; Yahoo! Slurp/3.0; http://help.yahoo.com/help/us/ysearch/slurp)" "-"
67.195.115.60 - - [27/Jul/2010:18:27:04 -0400] "GET /blog/wp-content/uploads/p2/custom.css?10914 HTTP/1.0" 304 - dartphotographie.com "http://dartphotographie.com/blog/category/lovers/" "Mozilla/5.0 (compatible; Yahoo! Slurp/3.0; http://help.yahoo.com/help/us/ysearch/slurp)" "-"
72.14.199.139 - - [27/Jul/2010:18:40:11 -0400] "GET /blog/feed/ HTTP/1.1" 304 0 dartphotographie.com "-" "Feedfetcher-Google; (+http://www.google.com/feedfetcher.html; 19 subscribers; feed-id=13747338573638198726)" "-"
71.228.253.200 - - [27/Jul/2010:19:06:03 -0400] "GET /blog/ HTTP/1.1" 200 71486 dartphotographie.com "http://www.google.com/search?client=safari&rls=en&q=laura+dart+photography&ie=UTF-8&oe=UTF-8" "Mozilla/5.0 (Macintosh; U; Intel Mac OS X 10_6_3; en-us) AppleWebKit/531.21.11 (KHTML, like Gecko) Version/4.0.4 Safari/531.21.10" "-"
71.228.253.200 - - [27/Jul/2010:19:06:03 -0400] "GET /blog/wp-content/themes/prophoto2/js/swfobject22a.js HTTP/1.1" 200 10254 dartphotographie.com "http://dartphotographie.com/blog/" "Mozilla/5.0 (Macintosh; U; Intel Mac OS X 10_6_3; en-us) AppleWebKit/531.21.11 (KHTML, like Gecko) Version/4.0.4 Safari/531.21.10" "-"
71.228.253.200 - - [27/Jul/2010:19:06:03 -0400] "GET /blog/wp-content/uploads/p2/themescript.js HTTP/1.1" 200 6026 dartphotographie.com "http://dartphotographie.com/blog/" "Mozilla/5.0 (Macintosh; U; Intel Mac OS X 10_6_3; en-us) AppleWebKit/531.21.11 (KHTML, like Gecko) Version/4.0.4 Safari/531.21.10" "-"
71.228.253.200 - - [27/Jul/2010:19:06:03 -0400] "GET /blog/wp-content/themes/prophoto2/js/lazyload.js HTTP/1.1" 200 1757 dartphotographie.com "http://dartphotographie.com/blog/" "Mozilla/5.0 (Macintosh; U; Intel Mac OS X 10_6_3; en-us) AppleWebKit/531.21.11 (KHTML, like Gecko) Version/4.0.4 Safari/531.21.10" "-"
71.228.253.200 - - [27/Jul/2010:19:06:03 -0400] "GET /blog/wp-content/themes/prophoto2/style.css HTTP/1.1" 200 6758 dartphotographie.com "http://dartphotographie.com/blog/" "Mozilla/5.0 (Macintosh; U; Intel Mac OS X 10_6_3; en-us) AppleWebKit/531.21.11 (KHTML, like Gecko) Version/4.0.4 Safari/531.21.10" "-"
71.228.253.200 - - [27/Jul/2010:19:06:03 -0400] "GET /blog/wp-includes/js/jquery/jquery.js?ver=1.2.6 HTTP/1.1" 200 31111 dartphotographie.com "http://dartphotographie.com/blog/" "Mozilla/5.0 (Macintosh; U; Intel Mac OS X 10_6_3; en-us) AppleWebKit/531.21.11 (KHTML, like Gecko) Version/4.0.4 Safari/531.21.10" "-"
71.228.253.200 - - [27/Jul/2010:19:06:03 -0400] "GET /blog/wp-content/uploads/p2/custom.css?10914 HTTP/1.1" 200 9504 dartphotographie.com "http://dartphotographie.com/blog/" "Mozilla/5.0 (Macintosh; U; Intel Mac OS X 10_6_3; en-us) AppleWebKit/531.21.11 (KHTML, like Gecko) Version/4.0.4 Safari/531.21.10" "-"
71.228.253.200 - - [27/Jul/2010:19:06:03 -0400] "GET /blog/wp-content/uploads/p2/logo_1243462378.jpg HTTP/1.1" 200 26508 dartphotographie.com "http://dartphotographie.com/blog/" "Mozilla/5.0 (Macintosh; U; Intel Mac OS X 10_6_3; en-us) AppleWebKit/531.21.11 (KHTML, like Gecko) Version/4.0.4 Safari/531.21.10" "-"
71.228.253.200 - - [27/Jul/2010:19:06:03 -0400] "GET /blog/wp-content/themes/prophoto2/images/nodefaultimage.gif HTTP/1.1" 200 49 dartphotographie.com "http://dartphotographie.com/blog/" "Mozilla/5.0 (Macintosh; U; Intel Mac OS X 10_6_3; en-us) AppleWebKit/531.21.11 (KHTML, like Gecko) Version/4.0.4 Safari/531.21.10" "-"
71.228.253.200 - - [27/Jul/2010:19:06:04 -0400] "GET /blog/wp-content/uploads/p2/biopic1_1243733133.jpg HTTP/1.1" 200 117321 dartphotographie.com "http://dartphotographie.com/blog/" "Mozilla/5.0 (Macintosh; U; Intel Mac OS X 10_6_3; en-us) AppleWebKit/531.21.11 (KHTML, like Gecko) Version/4.0.4 Safari/531.21.10" "-"
71.228.253.200 - - [27/Jul/2010:19:06:04 -0400] "GET /blog/wp-content/uploads/p2/flashheader1_1243391752.jpg HTTP/1.1" 200 213665 dartphotographie.com "http://dartphotographie.com/blog/" "Mozilla/5.0 (Macintosh; U; Intel Mac OS X 10_6_3; en-us) AppleWebKit/531.21.11 (KHTML, like Gecko) Version/4.0.4 Safari/531.21.10" "-"
